├─ page
│  └─ world
│     └─ index.js
└─ vendor
   └─ index.js
